
> general-attachment-lab@0.1.0 analyze:paper
> vite-node tools/run-paper-replication.ts --output-root results/paper_replication_detached_probe_20260419 --test

[paper] profile=test n=120
[paper] running headline scenarios (1 reps each)
[paper] 1/1 ba_benchmark replication 1/1
[paper] 1/1 capacity_only replication 1/1
[paper] 1/1 spatial_only replication 1/1
[paper] 1/1 general_model replication 1/1
[paper] running sensitivity scenarios (1 reps each)
[paper] 1/1 phi_0 replication 1/1
[paper] 1/1 phi_0_5 replication 1/1
[paper] 1/1 phi_1 replication 1/1
[paper] 1/1 phi_2 replication 1/1
[paper] 1/1 kappa_1 replication 1/1
[paper] 1/1 kappa_2 replication 1/1
[paper] 1/1 kappa_4 replication 1/1
[paper] running heterogeneous scenarios (1 reps each)
[paper] 1/1 constant_capacity replication 1/1
[paper] 1/1 uniform_capacity replication 1/1
[paper] 1/1 lognormal_capacity replication 1/1
[paper] writing result bundle to results/paper_replication_detached_probe_20260419
Paper replication complete (test). Output: results/paper_replication_detached_probe_20260419
