
> general-attachment-lab@0.1.0 analyze:paper
> vite-node tools/run-paper-replication.ts --output-root results/paper_replication_20260413_full_v2 --resume

[paper] resuming from results/paper_replication_20260413_full_v2
[paper] profile=full n=1000
[paper] running headline scenarios (16 reps each)
[paper] 1/1 general_model replication 6/16
[paper] 1/1 general_model replication 7/16
[paper] 1/1 general_model replication 8/16
[paper] 1/1 general_model replication 9/16
[paper] 1/1 general_model replication 10/16
[paper] 1/1 general_model replication 11/16
[paper] 1/1 general_model replication 12/16
[paper] 1/1 general_model replication 13/16
[paper] 1/1 general_model replication 14/16
[paper] 1/1 general_model replication 15/16
[paper] 1/1 general_model replication 16/16
[paper] running sensitivity scenarios (12 reps each)
[paper] 1/1 phi_0 replication 1/12
[paper] 1/1 phi_0 replication 2/12
[paper] 1/1 phi_0 replication 3/12
[paper] 1/1 phi_0 replication 4/12
[paper] 1/1 phi_0 replication 5/12
[paper] 1/1 phi_0 replication 6/12
[paper] 1/1 phi_0 replication 7/12
[paper] 1/1 phi_0 replication 8/12
[paper] 1/1 phi_0 replication 9/12
[paper] 1/1 phi_0 replication 10/12
[paper] 1/1 phi_0 replication 11/12
[paper] 1/1 phi_0 replication 12/12
[paper] 1/1 phi_0_5 replication 1/12
[paper] 1/1 phi_0_5 replication 2/12
[paper] 1/1 phi_0_5 replication 3/12
[paper] 1/1 phi_0_5 replication 4/12
[paper] 1/1 phi_0_5 replication 5/12
[paper] 1/1 phi_0_5 replication 6/12
[paper] 1/1 phi_0_5 replication 7/12
[paper] 1/1 phi_0_5 replication 8/12
[paper] 1/1 phi_0_5 replication 9/12
[paper] 1/1 phi_0_5 replication 10/12
[paper] 1/1 phi_0_5 replication 11/12
[paper] 1/1 phi_0_5 replication 12/12
[paper] 1/1 phi_1 replication 1/12
[paper] 1/1 phi_1 replication 2/12
[paper] 1/1 phi_1 replication 3/12
[paper] 1/1 phi_1 replication 4/12
[paper] 1/1 phi_1 replication 5/12
[paper] 1/1 phi_1 replication 6/12
[paper] 1/1 phi_1 replication 7/12
[paper] 1/1 phi_1 replication 8/12
[paper] 1/1 phi_1 replication 9/12
[paper] 1/1 phi_1 replication 10/12
[paper] 1/1 phi_1 replication 11/12
[paper] 1/1 phi_1 replication 12/12
[paper] 1/1 phi_2 replication 1/12
[paper] 1/1 phi_2 replication 2/12
[paper] 1/1 phi_2 replication 3/12
[paper] 1/1 phi_2 replication 4/12
[paper] 1/1 phi_2 replication 5/12
[paper] 1/1 phi_2 replication 6/12
[paper] 1/1 phi_2 replication 7/12
[paper] 1/1 phi_2 replication 8/12
[paper] 1/1 phi_2 replication 9/12
[paper] 1/1 phi_2 replication 10/12
[paper] 1/1 phi_2 replication 11/12
[paper] 1/1 phi_2 replication 12/12
[paper] 1/1 kappa_1 replication 1/12
[paper] 1/1 kappa_1 replication 2/12
[paper] 1/1 kappa_1 replication 3/12
[paper] 1/1 kappa_1 replication 4/12
[paper] 1/1 kappa_1 replication 5/12
[paper] 1/1 kappa_1 replication 6/12
[paper] 1/1 kappa_1 replication 7/12
[paper] 1/1 kappa_1 replication 8/12
[paper] 1/1 kappa_1 replication 9/12
[paper] 1/1 kappa_1 replication 10/12
[paper] 1/1 kappa_1 replication 11/12
[paper] 1/1 kappa_1 replication 12/12
[paper] 1/1 kappa_2 replication 1/12
[paper] 1/1 kappa_2 replication 2/12
[paper] 1/1 kappa_2 replication 3/12
[paper] 1/1 kappa_2 replication 4/12
[paper] 1/1 kappa_2 replication 5/12
[paper] 1/1 kappa_2 replication 6/12
[paper] 1/1 kappa_2 replication 7/12
[paper] 1/1 kappa_2 replication 8/12
[paper] 1/1 kappa_2 replication 9/12
[paper] 1/1 kappa_2 replication 10/12
[paper] 1/1 kappa_2 replication 11/12
[paper] 1/1 kappa_2 replication 12/12
[paper] 1/1 kappa_4 replication 1/12
[paper] 1/1 kappa_4 replication 2/12
[paper] 1/1 kappa_4 replication 3/12
[paper] 1/1 kappa_4 replication 4/12
[paper] 1/1 kappa_4 replication 5/12
[paper] 1/1 kappa_4 replication 6/12
[paper] 1/1 kappa_4 replication 7/12
[paper] 1/1 kappa_4 replication 8/12
[paper] 1/1 kappa_4 replication 9/12
[paper] 1/1 kappa_4 replication 10/12
[paper] 1/1 kappa_4 replication 11/12
[paper] 1/1 kappa_4 replication 12/12
[paper] running heterogeneous scenarios (16 reps each)
[paper] 1/1 constant_capacity replication 1/16
[paper] 1/1 constant_capacity replication 2/16
[paper] 1/1 constant_capacity replication 3/16
[paper] 1/1 constant_capacity replication 4/16
[paper] 1/1 constant_capacity replication 5/16
[paper] 1/1 constant_capacity replication 6/16
[paper] 1/1 constant_capacity replication 7/16
[paper] 1/1 constant_capacity replication 8/16
[paper] 1/1 constant_capacity replication 9/16
[paper] 1/1 constant_capacity replication 10/16

> general-attachment-lab@0.1.0 analyze:paper
> vite-node tools/run-paper-replication.ts --output-root results/paper_replication_20260413_full_v2 --resume

[paper] resuming from results/paper_replication_20260413_full_v2
[paper] profile=full n=1000
[paper] running headline scenarios (16 reps each)
[paper] running sensitivity scenarios (12 reps each)
[paper] running heterogeneous scenarios (16 reps each)
[paper] 1/1 constant_capacity replication 10/16
[paper] 1/1 constant_capacity replication 11/16
[paper] 1/1 constant_capacity replication 11/16
[paper] 1/1 constant_capacity replication 12/16
[paper] 1/1 constant_capacity replication 12/16
[paper] 1/1 constant_capacity replication 13/16
[paper] 1/1 constant_capacity replication 13/16
[paper] 1/1 constant_capacity replication 14/16
[paper] 1/1 constant_capacity replication 14/16
[paper] 1/1 constant_capacity replication 15/16
[paper] 1/1 constant_capacity replication 15/16
[paper] 1/1 constant_capacity replication 16/16
[paper] 1/1 constant_capacity replication 16/16
[paper] 1/1 uniform_capacity replication 1/16
[paper] 1/1 uniform_capacity replication 1/16
[paper] 1/1 uniform_capacity replication 2/16
[paper] 1/1 uniform_capacity replication 2/16
[paper] 1/1 uniform_capacity replication 3/16
[paper] 1/1 uniform_capacity replication 3/16
[paper] 1/1 uniform_capacity replication 4/16
[paper] 1/1 uniform_capacity replication 4/16
[paper] 1/1 uniform_capacity replication 5/16
[paper] 1/1 uniform_capacity replication 5/16
[paper] 1/1 uniform_capacity replication 6/16
[paper] 1/1 uniform_capacity replication 6/16
[paper] 1/1 uniform_capacity replication 7/16
[paper] 1/1 uniform_capacity replication 7/16
[paper] 1/1 uniform_capacity replication 8/16
[paper] 1/1 uniform_capacity replication 8/16
[paper] 1/1 uniform_capacity replication 9/16
[paper] 1/1 uniform_capacity replication 9/16
[paper] 1/1 uniform_capacity replication 10/16
[paper] 1/1 uniform_capacity replication 10/16
[paper] 1/1 uniform_capacity replication 11/16
[paper] 1/1 uniform_capacity replication 11/16
[paper] 1/1 uniform_capacity replication 12/16
[paper] 1/1 uniform_capacity replication 12/16
[paper] 1/1 uniform_capacity replication 13/16
[paper] 1/1 uniform_capacity replication 13/16
[paper] 1/1 uniform_capacity replication 14/16
[paper] 1/1 uniform_capacity replication 14/16
[paper] 1/1 uniform_capacity replication 15/16
[paper] 1/1 uniform_capacity replication 15/16
[paper] 1/1 uniform_capacity replication 16/16
[paper] 1/1 uniform_capacity replication 16/16
[paper] 1/1 lognormal_capacity replication 1/16
[paper] 1/1 lognormal_capacity replication 1/16
[paper] 1/1 lognormal_capacity replication 2/16
[paper] 1/1 lognormal_capacity replication 2/16
[paper] 1/1 lognormal_capacity replication 3/16
[paper] 1/1 lognormal_capacity replication 3/16
[paper] 1/1 lognormal_capacity replication 4/16
[paper] 1/1 lognormal_capacity replication 4/16
[paper] 1/1 lognormal_capacity replication 5/16
[paper] 1/1 lognormal_capacity replication 5/16
[paper] 1/1 lognormal_capacity replication 6/16
[paper] 1/1 lognormal_capacity replication 6/16
[paper] 1/1 lognormal_capacity replication 7/16
[paper] 1/1 lognormal_capacity replication 7/16
[paper] 1/1 lognormal_capacity replication 8/16
[paper] 1/1 lognormal_capacity replication 8/16
[paper] 1/1 lognormal_capacity replication 9/16
[paper] 1/1 lognormal_capacity replication 9/16
[paper] 1/1 lognormal_capacity replication 10/16
[paper] 1/1 lognormal_capacity replication 10/16
[paper] 1/1 lognormal_capacity replication 11/16
[paper] 1/1 lognormal_capacity replication 11/16
[paper] 1/1 lognormal_capacity replication 12/16
[paper] 1/1 lognormal_capacity replication 12/16
[paper] 1/1 lognormal_capacity replication 13/16
[paper] 1/1 lognormal_capacity replication 13/16
[paper] 1/1 lognormal_capacity replication 14/16
[paper] 1/1 lognormal_capacity replication 14/16
[paper] 1/1 lognormal_capacity replication 15/16
[paper] 1/1 lognormal_capacity replication 15/16
[paper] 1/1 lognormal_capacity replication 16/16
[paper] 1/1 lognormal_capacity replication 16/16
[paper] writing result bundle to results/paper_replication_20260413_full_v2
Paper replication complete (full). Output: results/paper_replication_20260413_full_v2
[paper] writing result bundle to results/paper_replication_20260413_full_v2
Paper replication complete (full). Output: results/paper_replication_20260413_full_v2
